
> fatafat-chai-server@1.0.0 test
> jest --coverage --runInBand

FAIL __tests__/integration/products.test.js (20.72 s)
  ● Console

    console.warn
      Starting the MongoMemoryServer Instance failed, enable debug log for more information. Error:
       Md5CheckFailedError: MD5 check failed! Binary MD5 is "77693dc276c3c71439bcd3e8dd00c48e", Checkfile MD5 is "22411235563f3001fa0c0cd0621ca040"
          at MongoBinaryDownload.makeMD5check (/Users/gautamjha/MY-PROJECTS/FInal Projects/FATAFAT-CHAI/server/node_modules/mongodb-memory-server-core/src/util/MongoBinaryDownload.ts:183:13)
          at MongoBinaryDownload.startDownload (/Users/gautamjha/MY-PROJECTS/FInal Projects/FATAFAT-CHAI/server/node_modules/mongodb-memory-server-core/src/util/MongoBinaryDownload.ts:149:5)
          at MongoBinaryDownload.getMongodPath (/Users/gautamjha/MY-PROJECTS/FInal Projects/FATAFAT-CHAI/server/node_modules/mongodb-memory-server-core/src/util/MongoBinaryDownload.ts:114:28)
          at Function.download (/Users/gautamjha/MY-PROJECTS/FInal Projects/FATAFAT-CHAI/server/node_modules/mongodb-memory-server-core/src/util/MongoBinary.ts:47:49)
          at Function.getPath (/Users/gautamjha/MY-PROJECTS/FInal Projects/FATAFAT-CHAI/server/node_modules/mongodb-memory-server-core/src/util/MongoBinary.ts:132:22)
          at MongoInstance.start (/Users/gautamjha/MY-PROJECTS/FInal Projects/FATAFAT-CHAI/server/node_modules/mongodb-memory-server-core/src/util/MongoInstance.ts:366:22)
          at Function.create (/Users/gautamjha/MY-PROJECTS/FInal Projects/FATAFAT-CHAI/server/node_modules/mongodb-memory-server-core/src/util/MongoInstance.ts:294:5)
          at MongoMemoryServer._startUpInstance (/Users/gautamjha/MY-PROJECTS/FInal Projects/FATAFAT-CHAI/server/node_modules/mongodb-memory-server-core/src/MongoMemoryServer.ts:530:22)
          at MongoMemoryServer.start (/Users/gautamjha/MY-PROJECTS/FInal Projects/FATAFAT-CHAI/server/node_modules/mongodb-memory-server-core/src/MongoMemoryServer.ts:350:5)
          at Function.create (/Users/gautamjha/MY-PROJECTS/FInal Projects/FATAFAT-CHAI/server/node_modules/mongodb-memory-server-core/src/MongoMemoryServer.ts:317:5)
          at connectTestDb (/Users/gautamjha/MY-PROJECTS/FInal Projects/FATAFAT-CHAI/server/__tests__/integration/setupIntegration.js:8:12)
          at Object.<anonymous> (/Users/gautamjha/MY-PROJECTS/FInal Projects/FATAFAT-CHAI/server/__tests__/integration/products.test.js:17:5) {
        binarymd5: '77693dc276c3c71439bcd3e8dd00c48e',
        checkfilemd5: '22411235563f3001fa0c0cd0621ca040'
      }

       6 | async function connectTestDb() {
       7 |   process.env.JWT_SECRET = 'integration-test-secret';
    >  8 |   mongod = await MongoMemoryServer.create();
         |            ^
       9 |   const uri = mongod.getUri();
      10 |   await mongoose.connect(uri);
      11 | }

      at node_modules/mongodb-memory-server-core/src/MongoMemoryServer.ts:359:17
      at MongoMemoryServer.start (node_modules/mongodb-memory-server-core/src/MongoMemoryServer.ts:350:5)
      at Function.create (node_modules/mongodb-memory-server-core/src/MongoMemoryServer.ts:317:5)
      at connectTestDb (__tests__/integration/setupIntegration.js:8:12)
      at Object.<anonymous> (__tests__/integration/products.test.js:17:5)

  ● Products API integration › GET /api/products returns array of products

    MD5 check failed! Binary MD5 is "77693dc276c3c71439bcd3e8dd00c48e", Checkfile MD5 is "22411235563f3001fa0c0cd0621ca040"

       6 | async function connectTestDb() {
       7 |   process.env.JWT_SECRET = 'integration-test-secret';
    >  8 |   mongod = await MongoMemoryServer.create();
         |            ^
       9 |   const uri = mongod.getUri();
      10 |   await mongoose.connect(uri);
      11 | }

      at MongoBinaryDownload.makeMD5check (node_modules/mongodb-memory-server-core/src/util/MongoBinaryDownload.ts:183:13)
      at MongoBinaryDownload.startDownload (node_modules/mongodb-memory-server-core/src/util/MongoBinaryDownload.ts:149:5)
      at MongoBinaryDownload.getMongodPath (node_modules/mongodb-memory-server-core/src/util/MongoBinaryDownload.ts:114:28)
      at Function.download (node_modules/mongodb-memory-server-core/src/util/MongoBinary.ts:47:49)
      at Function.getPath (node_modules/mongodb-memory-server-core/src/util/MongoBinary.ts:132:22)
      at MongoInstance.start (node_modules/mongodb-memory-server-core/src/util/MongoInstance.ts:366:22)
      at Function.create (node_modules/mongodb-memory-server-core/src/util/MongoInstance.ts:294:5)
      at MongoMemoryServer._startUpInstance (node_modules/mongodb-memory-server-core/src/MongoMemoryServer.ts:530:22)
      at MongoMemoryServer.start (node_modules/mongodb-memory-server-core/src/MongoMemoryServer.ts:350:5)
      at Function.create (node_modules/mongodb-memory-server-core/src/MongoMemoryServer.ts:317:5)
      at connectTestDb (__tests__/integration/setupIntegration.js:8:12)
      at Object.<anonymous> (__tests__/integration/products.test.js:17:5)

  ● Products API integration › GET /api/products returns array of products

    thrown: "Exceeded timeout of 5000 ms for a hook.
    Add a timeout value to this test to increase the timeout, if this is a long-running test. See https://jestjs.io/docs/api#testname-fn-timeout."

      22 |   });
      23 |
    > 24 |   afterEach(async () => {
         |   ^
      25 |     await clearCollections();
      26 |   });
      27 |

      at afterEach (__tests__/integration/products.test.js:24:3)
      at Object.describe (__tests__/integration/products.test.js:12:1)

  ● Products API integration › GET /api/products/:id returns single product

    MD5 check failed! Binary MD5 is "77693dc276c3c71439bcd3e8dd00c48e", Checkfile MD5 is "22411235563f3001fa0c0cd0621ca040"

       6 | async function connectTestDb() {
       7 |   process.env.JWT_SECRET = 'integration-test-secret';
    >  8 |   mongod = await MongoMemoryServer.create();
         |            ^
       9 |   const uri = mongod.getUri();
      10 |   await mongoose.connect(uri);
      11 | }

      at MongoBinaryDownload.makeMD5check (node_modules/mongodb-memory-server-core/src/util/MongoBinaryDownload.ts:183:13)
      at MongoBinaryDownload.startDownload (node_modules/mongodb-memory-server-core/src/util/MongoBinaryDownload.ts:149:5)
      at MongoBinaryDownload.getMongodPath (node_modules/mongodb-memory-server-core/src/util/MongoBinaryDownload.ts:114:28)
      at Function.download (node_modules/mongodb-memory-server-core/src/util/MongoBinary.ts:47:49)
      at Function.getPath (node_modules/mongodb-memory-server-core/src/util/MongoBinary.ts:132:22)
      at MongoInstance.start (node_modules/mongodb-memory-server-core/src/util/MongoInstance.ts:366:22)
      at Function.create (node_modules/mongodb-memory-server-core/src/util/MongoInstance.ts:294:5)
      at MongoMemoryServer._startUpInstance (node_modules/mongodb-memory-server-core/src/MongoMemoryServer.ts:530:22)
      at MongoMemoryServer.start (node_modules/mongodb-memory-server-core/src/MongoMemoryServer.ts:350:5)
      at Function.create (node_modules/mongodb-memory-server-core/src/MongoMemoryServer.ts:317:5)
      at connectTestDb (__tests__/integration/setupIntegration.js:8:12)
      at Object.<anonymous> (__tests__/integration/products.test.js:17:5)

  ● Products API integration › GET /api/products/:id returns single product

    thrown: "Exceeded timeout of 5000 ms for a hook.
    Add a timeout value to this test to increase the timeout, if this is a long-running test. See https://jestjs.io/docs/api#testname-fn-timeout."

      22 |   });
      23 |
    > 24 |   afterEach(async () => {
         |   ^
      25 |     await clearCollections();
      26 |   });
      27 |

      at afterEach (__tests__/integration/products.test.js:24:3)
      at Object.describe (__tests__/integration/products.test.js:12:1)

  ● Products API integration › POST /api/products creates product with admin auth

    MD5 check failed! Binary MD5 is "77693dc276c3c71439bcd3e8dd00c48e", Checkfile MD5 is "22411235563f3001fa0c0cd0621ca040"

       6 | async function connectTestDb() {
       7 |   process.env.JWT_SECRET = 'integration-test-secret';
    >  8 |   mongod = await MongoMemoryServer.create();
         |            ^
       9 |   const uri = mongod.getUri();
      10 |   await mongoose.connect(uri);
      11 | }

      at MongoBinaryDownload.makeMD5check (node_modules/mongodb-memory-server-core/src/util/MongoBinaryDownload.ts:183:13)
      at MongoBinaryDownload.startDownload (node_modules/mongodb-memory-server-core/src/util/MongoBinaryDownload.ts:149:5)
      at MongoBinaryDownload.getMongodPath (node_modules/mongodb-memory-server-core/src/util/MongoBinaryDownload.ts:114:28)
      at Function.download (node_modules/mongodb-memory-server-core/src/util/MongoBinary.ts:47:49)
      at Function.getPath (node_modules/mongodb-memory-server-core/src/util/MongoBinary.ts:132:22)
      at MongoInstance.start (node_modules/mongodb-memory-server-core/src/util/MongoInstance.ts:366:22)
      at Function.create (node_modules/mongodb-memory-server-core/src/util/MongoInstance.ts:294:5)
      at MongoMemoryServer._startUpInstance (node_modules/mongodb-memory-server-core/src/MongoMemoryServer.ts:530:22)
      at MongoMemoryServer.start (node_modules/mongodb-memory-server-core/src/MongoMemoryServer.ts:350:5)
      at Function.create (node_modules/mongodb-memory-server-core/src/MongoMemoryServer.ts:317:5)
      at connectTestDb (__tests__/integration/setupIntegration.js:8:12)
      at Object.<anonymous> (__tests__/integration/products.test.js:17:5)

  ● Products API integration › POST /api/products creates product with admin auth

    thrown: "Exceeded timeout of 5000 ms for a hook.
    Add a timeout value to this test to increase the timeout, if this is a long-running test. See https://jestjs.io/docs/api#testname-fn-timeout."

      22 |   });
      23 |
    > 24 |   afterEach(async () => {
         |   ^
      25 |     await clearCollections();
      26 |   });
      27 |

      at afterEach (__tests__/integration/products.test.js:24:3)
      at Object.describe (__tests__/integration/products.test.js:12:1)

  ● Products API integration › DELETE /api/products/:id deletes product with admin auth

    MD5 check failed! Binary MD5 is "77693dc276c3c71439bcd3e8dd00c48e", Checkfile MD5 is "22411235563f3001fa0c0cd0621ca040"

       6 | async function connectTestDb() {
       7 |   process.env.JWT_SECRET = 'integration-test-secret';
    >  8 |   mongod = await MongoMemoryServer.create();
         |            ^
       9 |   const uri = mongod.getUri();
      10 |   await mongoose.connect(uri);
      11 | }

      at MongoBinaryDownload.makeMD5check (node_modules/mongodb-memory-server-core/src/util/MongoBinaryDownload.ts:183:13)
      at MongoBinaryDownload.startDownload (node_modules/mongodb-memory-server-core/src/util/MongoBinaryDownload.ts:149:5)
      at MongoBinaryDownload.getMongodPath (node_modules/mongodb-memory-server-core/src/util/MongoBinaryDownload.ts:114:28)
      at Function.download (node_modules/mongodb-memory-server-core/src/util/MongoBinary.ts:47:49)
      at Function.getPath (node_modules/mongodb-memory-server-core/src/util/MongoBinary.ts:132:22)
      at MongoInstance.start (node_modules/mongodb-memory-server-core/src/util/MongoInstance.ts:366:22)
      at Function.create (node_modules/mongodb-memory-server-core/src/util/MongoInstance.ts:294:5)
      at MongoMemoryServer._startUpInstance (node_modules/mongodb-memory-server-core/src/MongoMemoryServer.ts:530:22)
      at MongoMemoryServer.start (node_modules/mongodb-memory-server-core/src/MongoMemoryServer.ts:350:5)
      at Function.create (node_modules/mongodb-memory-server-core/src/MongoMemoryServer.ts:317:5)
      at connectTestDb (__tests__/integration/setupIntegration.js:8:12)
      at Object.<anonymous> (__tests__/integration/products.test.js:17:5)

  ● Products API integration › DELETE /api/products/:id deletes product with admin auth

    thrown: "Exceeded timeout of 5000 ms for a hook.
    Add a timeout value to this test to increase the timeout, if this is a long-running test. See https://jestjs.io/docs/api#testname-fn-timeout."

      22 |   });
      23 |
    > 24 |   afterEach(async () => {
         |   ^
      25 |     await clearCollections();
      26 |   });
      27 |

      at afterEach (__tests__/integration/products.test.js:24:3)
      at Object.describe (__tests__/integration/products.test.js:12:1)

FAIL __tests__/integration/cart.test.js (15.616 s)
  ● Console

    console.warn
      Starting the MongoMemoryServer Instance failed, enable debug log for more information. Error:
       Md5CheckFailedError: MD5 check failed! Binary MD5 is "77693dc276c3c71439bcd3e8dd00c48e", Checkfile MD5 is "22411235563f3001fa0c0cd0621ca040"
          at MongoBinaryDownload.makeMD5check (/Users/gautamjha/MY-PROJECTS/FInal Projects/FATAFAT-CHAI/server/node_modules/mongodb-memory-server-core/src/util/MongoBinaryDownload.ts:183:13)
          at MongoBinaryDownload.startDownload (/Users/gautamjha/MY-PROJECTS/FInal Projects/FATAFAT-CHAI/server/node_modules/mongodb-memory-server-core/src/util/MongoBinaryDownload.ts:149:5)
          at MongoBinaryDownload.getMongodPath (/Users/gautamjha/MY-PROJECTS/FInal Projects/FATAFAT-CHAI/server/node_modules/mongodb-memory-server-core/src/util/MongoBinaryDownload.ts:114:28)
          at Function.download (/Users/gautamjha/MY-PROJECTS/FInal Projects/FATAFAT-CHAI/server/node_modules/mongodb-memory-server-core/src/util/MongoBinary.ts:47:49)
          at Function.getPath (/Users/gautamjha/MY-PROJECTS/FInal Projects/FATAFAT-CHAI/server/node_modules/mongodb-memory-server-core/src/util/MongoBinary.ts:132:22)
          at MongoInstance.start (/Users/gautamjha/MY-PROJECTS/FInal Projects/FATAFAT-CHAI/server/node_modules/mongodb-memory-server-core/src/util/MongoInstance.ts:366:22)
          at Function.create (/Users/gautamjha/MY-PROJECTS/FInal Projects/FATAFAT-CHAI/server/node_modules/mongodb-memory-server-core/src/util/MongoInstance.ts:294:5)
          at MongoMemoryServer._startUpInstance (/Users/gautamjha/MY-PROJECTS/FInal Projects/FATAFAT-CHAI/server/node_modules/mongodb-memory-server-core/src/MongoMemoryServer.ts:530:22)
          at MongoMemoryServer.start (/Users/gautamjha/MY-PROJECTS/FInal Projects/FATAFAT-CHAI/server/node_modules/mongodb-memory-server-core/src/MongoMemoryServer.ts:350:5)
          at Function.create (/Users/gautamjha/MY-PROJECTS/FInal Projects/FATAFAT-CHAI/server/node_modules/mongodb-memory-server-core/src/MongoMemoryServer.ts:317:5)
          at connectTestDb (/Users/gautamjha/MY-PROJECTS/FInal Projects/FATAFAT-CHAI/server/__tests__/integration/setupIntegration.js:8:12)
          at Object.<anonymous> (/Users/gautamjha/MY-PROJECTS/FInal Projects/FATAFAT-CHAI/server/__tests__/integration/cart.test.js:18:5) {
        binarymd5: '77693dc276c3c71439bcd3e8dd00c48e',
        checkfilemd5: '22411235563f3001fa0c0cd0621ca040'
      }

       6 | async function connectTestDb() {
       7 |   process.env.JWT_SECRET = 'integration-test-secret';
    >  8 |   mongod = await MongoMemoryServer.create();
         |            ^
       9 |   const uri = mongod.getUri();
      10 |   await mongoose.connect(uri);
      11 | }

      at node_modules/mongodb-memory-server-core/src/MongoMemoryServer.ts:359:17
      at MongoMemoryServer.start (node_modules/mongodb-memory-server-core/src/MongoMemoryServer.ts:350:5)
      at Function.create (node_modules/mongodb-memory-server-core/src/MongoMemoryServer.ts:317:5)
      at connectTestDb (__tests__/integration/setupIntegration.js:8:12)
      at Object.<anonymous> (__tests__/integration/cart.test.js:18:5)

  ● Cart API integration › POST /api/cart adds item when authenticated

    MD5 check failed! Binary MD5 is "77693dc276c3c71439bcd3e8dd00c48e", Checkfile MD5 is "22411235563f3001fa0c0cd0621ca040"

       6 | async function connectTestDb() {
       7 |   process.env.JWT_SECRET = 'integration-test-secret';
    >  8 |   mongod = await MongoMemoryServer.create();
         |            ^
       9 |   const uri = mongod.getUri();
      10 |   await mongoose.connect(uri);
      11 | }

      at MongoBinaryDownload.makeMD5check (node_modules/mongodb-memory-server-core/src/util/MongoBinaryDownload.ts:183:13)
      at MongoBinaryDownload.startDownload (node_modules/mongodb-memory-server-core/src/util/MongoBinaryDownload.ts:149:5)
      at MongoBinaryDownload.getMongodPath (node_modules/mongodb-memory-server-core/src/util/MongoBinaryDownload.ts:114:28)
      at Function.download (node_modules/mongodb-memory-server-core/src/util/MongoBinary.ts:47:49)
      at Function.getPath (node_modules/mongodb-memory-server-core/src/util/MongoBinary.ts:132:22)
      at MongoInstance.start (node_modules/mongodb-memory-server-core/src/util/MongoInstance.ts:366:22)
      at Function.create (node_modules/mongodb-memory-server-core/src/util/MongoInstance.ts:294:5)
      at MongoMemoryServer._startUpInstance (node_modules/mongodb-memory-server-core/src/MongoMemoryServer.ts:530:22)
      at MongoMemoryServer.start (node_modules/mongodb-memory-server-core/src/MongoMemoryServer.ts:350:5)
      at Function.create (node_modules/mongodb-memory-server-core/src/MongoMemoryServer.ts:317:5)
      at connectTestDb (__tests__/integration/setupIntegration.js:8:12)
      at Object.<anonymous> (__tests__/integration/cart.test.js:18:5)

  ● Cart API integration › POST /api/cart adds item when authenticated

    thrown: "Exceeded timeout of 5000 ms for a hook.
    Add a timeout value to this test to increase the timeout, if this is a long-running test. See https://jestjs.io/docs/api#testname-fn-timeout."

      23 |   });
      24 |
    > 25 |   afterEach(async () => {
         |   ^
      26 |     await clearCollections();
      27 |   });
      28 |

      at afterEach (__tests__/integration/cart.test.js:25:3)
      at Object.describe (__tests__/integration/cart.test.js:12:1)

  ● Cart API integration › GET /api/cart returns user cart

    MD5 check failed! Binary MD5 is "77693dc276c3c71439bcd3e8dd00c48e", Checkfile MD5 is "22411235563f3001fa0c0cd0621ca040"

       6 | async function connectTestDb() {
       7 |   process.env.JWT_SECRET = 'integration-test-secret';
    >  8 |   mongod = await MongoMemoryServer.create();
         |            ^
       9 |   const uri = mongod.getUri();
      10 |   await mongoose.connect(uri);
      11 | }

      at MongoBinaryDownload.makeMD5check (node_modules/mongodb-memory-server-core/src/util/MongoBinaryDownload.ts:183:13)
      at MongoBinaryDownload.startDownload (node_modules/mongodb-memory-server-core/src/util/MongoBinaryDownload.ts:149:5)
      at MongoBinaryDownload.getMongodPath (node_modules/mongodb-memory-server-core/src/util/MongoBinaryDownload.ts:114:28)
      at Function.download (node_modules/mongodb-memory-server-core/src/util/MongoBinary.ts:47:49)
      at Function.getPath (node_modules/mongodb-memory-server-core/src/util/MongoBinary.ts:132:22)
      at MongoInstance.start (node_modules/mongodb-memory-server-core/src/util/MongoInstance.ts:366:22)
      at Function.create (node_modules/mongodb-memory-server-core/src/util/MongoInstance.ts:294:5)
      at MongoMemoryServer._startUpInstance (node_modules/mongodb-memory-server-core/src/MongoMemoryServer.ts:530:22)
      at MongoMemoryServer.start (node_modules/mongodb-memory-server-core/src/MongoMemoryServer.ts:350:5)
      at Function.create (node_modules/mongodb-memory-server-core/src/MongoMemoryServer.ts:317:5)
      at connectTestDb (__tests__/integration/setupIntegration.js:8:12)
      at Object.<anonymous> (__tests__/integration/cart.test.js:18:5)

  ● Cart API integration › GET /api/cart returns user cart

    thrown: "Exceeded timeout of 5000 ms for a hook.
    Add a timeout value to this test to increase the timeout, if this is a long-running test. See https://jestjs.io/docs/api#testname-fn-timeout."

      23 |   });
      24 |
    > 25 |   afterEach(async () => {
         |   ^
      26 |     await clearCollections();
      27 |   });
      28 |

      at afterEach (__tests__/integration/cart.test.js:25:3)
      at Object.describe (__tests__/integration/cart.test.js:12:1)

  ● Cart API integration › DELETE /api/cart/:itemId removes item

    MD5 check failed! Binary MD5 is "77693dc276c3c71439bcd3e8dd00c48e", Checkfile MD5 is "22411235563f3001fa0c0cd0621ca040"

       6 | async function connectTestDb() {
       7 |   process.env.JWT_SECRET = 'integration-test-secret';
    >  8 |   mongod = await MongoMemoryServer.create();
         |            ^
       9 |   const uri = mongod.getUri();
      10 |   await mongoose.connect(uri);
      11 | }

      at MongoBinaryDownload.makeMD5check (node_modules/mongodb-memory-server-core/src/util/MongoBinaryDownload.ts:183:13)
      at MongoBinaryDownload.startDownload (node_modules/mongodb-memory-server-core/src/util/MongoBinaryDownload.ts:149:5)
      at MongoBinaryDownload.getMongodPath (node_modules/mongodb-memory-server-core/src/util/MongoBinaryDownload.ts:114:28)
      at Function.download (node_modules/mongodb-memory-server-core/src/util/MongoBinary.ts:47:49)
      at Function.getPath (node_modules/mongodb-memory-server-core/src/util/MongoBinary.ts:132:22)
      at MongoInstance.start (node_modules/mongodb-memory-server-core/src/util/MongoInstance.ts:366:22)
      at Function.create (node_modules/mongodb-memory-server-core/src/util/MongoInstance.ts:294:5)
      at MongoMemoryServer._startUpInstance (node_modules/mongodb-memory-server-core/src/MongoMemoryServer.ts:530:22)
      at MongoMemoryServer.start (node_modules/mongodb-memory-server-core/src/MongoMemoryServer.ts:350:5)
      at Function.create (node_modules/mongodb-memory-server-core/src/MongoMemoryServer.ts:317:5)
      at connectTestDb (__tests__/integration/setupIntegration.js:8:12)
      at Object.<anonymous> (__tests__/integration/cart.test.js:18:5)

  ● Cart API integration › DELETE /api/cart/:itemId removes item

    thrown: "Exceeded timeout of 5000 ms for a hook.
    Add a timeout value to this test to increase the timeout, if this is a long-running test. See https://jestjs.io/docs/api#testname-fn-timeout."

      23 |   });
      24 |
    > 25 |   afterEach(async () => {
         |   ^
      26 |     await clearCollections();
      27 |   });
      28 |

      at afterEach (__tests__/integration/cart.test.js:25:3)
      at Object.describe (__tests__/integration/cart.test.js:12:1)

FAIL __tests__/integration/auth.test.js (15.41 s)
  ● Console

    console.warn
      Starting the MongoMemoryServer Instance failed, enable debug log for more information. Error:
       Md5CheckFailedError: MD5 check failed! Binary MD5 is "77693dc276c3c71439bcd3e8dd00c48e", Checkfile MD5 is "22411235563f3001fa0c0cd0621ca040"
          at MongoBinaryDownload.makeMD5check (/Users/gautamjha/MY-PROJECTS/FInal Projects/FATAFAT-CHAI/server/node_modules/mongodb-memory-server-core/src/util/MongoBinaryDownload.ts:183:13)
          at MongoBinaryDownload.startDownload (/Users/gautamjha/MY-PROJECTS/FInal Projects/FATAFAT-CHAI/server/node_modules/mongodb-memory-server-core/src/util/MongoBinaryDownload.ts:149:5)
          at MongoBinaryDownload.getMongodPath (/Users/gautamjha/MY-PROJECTS/FInal Projects/FATAFAT-CHAI/server/node_modules/mongodb-memory-server-core/src/util/MongoBinaryDownload.ts:114:28)
          at Function.download (/Users/gautamjha/MY-PROJECTS/FInal Projects/FATAFAT-CHAI/server/node_modules/mongodb-memory-server-core/src/util/MongoBinary.ts:47:49)
          at Function.getPath (/Users/gautamjha/MY-PROJECTS/FInal Projects/FATAFAT-CHAI/server/node_modules/mongodb-memory-server-core/src/util/MongoBinary.ts:132:22)
          at MongoInstance.start (/Users/gautamjha/MY-PROJECTS/FInal Projects/FATAFAT-CHAI/server/node_modules/mongodb-memory-server-core/src/util/MongoInstance.ts:366:22)
          at Function.create (/Users/gautamjha/MY-PROJECTS/FInal Projects/FATAFAT-CHAI/server/node_modules/mongodb-memory-server-core/src/util/MongoInstance.ts:294:5)
          at MongoMemoryServer._startUpInstance (/Users/gautamjha/MY-PROJECTS/FInal Projects/FATAFAT-CHAI/server/node_modules/mongodb-memory-server-core/src/MongoMemoryServer.ts:530:22)
          at MongoMemoryServer.start (/Users/gautamjha/MY-PROJECTS/FInal Projects/FATAFAT-CHAI/server/node_modules/mongodb-memory-server-core/src/MongoMemoryServer.ts:350:5)
          at Function.create (/Users/gautamjha/MY-PROJECTS/FInal Projects/FATAFAT-CHAI/server/node_modules/mongodb-memory-server-core/src/MongoMemoryServer.ts:317:5)
          at connectTestDb (/Users/gautamjha/MY-PROJECTS/FInal Projects/FATAFAT-CHAI/server/__tests__/integration/setupIntegration.js:8:12)
          at Object.<anonymous> (/Users/gautamjha/MY-PROJECTS/FInal Projects/FATAFAT-CHAI/server/__tests__/integration/auth.test.js:13:5) {
        binarymd5: '77693dc276c3c71439bcd3e8dd00c48e',
        checkfilemd5: '22411235563f3001fa0c0cd0621ca040'
      }

       6 | async function connectTestDb() {
       7 |   process.env.JWT_SECRET = 'integration-test-secret';
    >  8 |   mongod = await MongoMemoryServer.create();
         |            ^
       9 |   const uri = mongod.getUri();
      10 |   await mongoose.connect(uri);
      11 | }

      at node_modules/mongodb-memory-server-core/src/MongoMemoryServer.ts:359:17
      at MongoMemoryServer.start (node_modules/mongodb-memory-server-core/src/MongoMemoryServer.ts:350:5)
      at Function.create (node_modules/mongodb-memory-server-core/src/MongoMemoryServer.ts:317:5)
      at connectTestDb (__tests__/integration/setupIntegration.js:8:12)
      at Object.<anonymous> (__tests__/integration/auth.test.js:13:5)

  ● Auth API integration › POST /api/auth/register creates new user

    MD5 check failed! Binary MD5 is "77693dc276c3c71439bcd3e8dd00c48e", Checkfile MD5 is "22411235563f3001fa0c0cd0621ca040"

       6 | async function connectTestDb() {
       7 |   process.env.JWT_SECRET = 'integration-test-secret';
    >  8 |   mongod = await MongoMemoryServer.create();
         |            ^
       9 |   const uri = mongod.getUri();
      10 |   await mongoose.connect(uri);
      11 | }

      at MongoBinaryDownload.makeMD5check (node_modules/mongodb-memory-server-core/src/util/MongoBinaryDownload.ts:183:13)
      at MongoBinaryDownload.startDownload (node_modules/mongodb-memory-server-core/src/util/MongoBinaryDownload.ts:149:5)
      at MongoBinaryDownload.getMongodPath (node_modules/mongodb-memory-server-core/src/util/MongoBinaryDownload.ts:114:28)
      at Function.download (node_modules/mongodb-memory-server-core/src/util/MongoBinary.ts:47:49)
      at Function.getPath (node_modules/mongodb-memory-server-core/src/util/MongoBinary.ts:132:22)
      at MongoInstance.start (node_modules/mongodb-memory-server-core/src/util/MongoInstance.ts:366:22)
      at Function.create (node_modules/mongodb-memory-server-core/src/util/MongoInstance.ts:294:5)
      at MongoMemoryServer._startUpInstance (node_modules/mongodb-memory-server-core/src/MongoMemoryServer.ts:530:22)
      at MongoMemoryServer.start (node_modules/mongodb-memory-server-core/src/MongoMemoryServer.ts:350:5)
      at Function.create (node_modules/mongodb-memory-server-core/src/MongoMemoryServer.ts:317:5)
      at connectTestDb (__tests__/integration/setupIntegration.js:8:12)
      at Object.<anonymous> (__tests__/integration/auth.test.js:13:5)

  ● Auth API integration › POST /api/auth/register creates new user

    thrown: "Exceeded timeout of 5000 ms for a hook.
    Add a timeout value to this test to increase the timeout, if this is a long-running test. See https://jestjs.io/docs/api#testname-fn-timeout."

      18 |   });
      19 |
    > 20 |   afterEach(async () => {
         |   ^
      21 |     await clearCollections();
      22 |   });
      23 |

      at afterEach (__tests__/integration/auth.test.js:20:3)
      at Object.describe (__tests__/integration/auth.test.js:11:1)

  ● Auth API integration › POST /api/auth/login returns JWT token

    MD5 check failed! Binary MD5 is "77693dc276c3c71439bcd3e8dd00c48e", Checkfile MD5 is "22411235563f3001fa0c0cd0621ca040"

       6 | async function connectTestDb() {
       7 |   process.env.JWT_SECRET = 'integration-test-secret';
    >  8 |   mongod = await MongoMemoryServer.create();
         |            ^
       9 |   const uri = mongod.getUri();
      10 |   await mongoose.connect(uri);
      11 | }

      at MongoBinaryDownload.makeMD5check (node_modules/mongodb-memory-server-core/src/util/MongoBinaryDownload.ts:183:13)
      at MongoBinaryDownload.startDownload (node_modules/mongodb-memory-server-core/src/util/MongoBinaryDownload.ts:149:5)
      at MongoBinaryDownload.getMongodPath (node_modules/mongodb-memory-server-core/src/util/MongoBinaryDownload.ts:114:28)
      at Function.download (node_modules/mongodb-memory-server-core/src/util/MongoBinary.ts:47:49)
      at Function.getPath (node_modules/mongodb-memory-server-core/src/util/MongoBinary.ts:132:22)
      at MongoInstance.start (node_modules/mongodb-memory-server-core/src/util/MongoInstance.ts:366:22)
      at Function.create (node_modules/mongodb-memory-server-core/src/util/MongoInstance.ts:294:5)
      at MongoMemoryServer._startUpInstance (node_modules/mongodb-memory-server-core/src/MongoMemoryServer.ts:530:22)
      at MongoMemoryServer.start (node_modules/mongodb-memory-server-core/src/MongoMemoryServer.ts:350:5)
      at Function.create (node_modules/mongodb-memory-server-core/src/MongoMemoryServer.ts:317:5)
      at connectTestDb (__tests__/integration/setupIntegration.js:8:12)
      at Object.<anonymous> (__tests__/integration/auth.test.js:13:5)

  ● Auth API integration › POST /api/auth/login returns JWT token

    thrown: "Exceeded timeout of 5000 ms for a hook.
    Add a timeout value to this test to increase the timeout, if this is a long-running test. See https://jestjs.io/docs/api#testname-fn-timeout."

      18 |   });
      19 |
    > 20 |   afterEach(async () => {
         |   ^
      21 |     await clearCollections();
      22 |   });
      23 |

      at afterEach (__tests__/integration/auth.test.js:20:3)
      at Object.describe (__tests__/integration/auth.test.js:11:1)

  ● Auth API integration › POST /api/auth/login with wrong password returns 401

    MD5 check failed! Binary MD5 is "77693dc276c3c71439bcd3e8dd00c48e", Checkfile MD5 is "22411235563f3001fa0c0cd0621ca040"

       6 | async function connectTestDb() {
       7 |   process.env.JWT_SECRET = 'integration-test-secret';
    >  8 |   mongod = await MongoMemoryServer.create();
         |            ^
       9 |   const uri = mongod.getUri();
      10 |   await mongoose.connect(uri);
      11 | }

      at MongoBinaryDownload.makeMD5check (node_modules/mongodb-memory-server-core/src/util/MongoBinaryDownload.ts:183:13)
      at MongoBinaryDownload.startDownload (node_modules/mongodb-memory-server-core/src/util/MongoBinaryDownload.ts:149:5)
      at MongoBinaryDownload.getMongodPath (node_modules/mongodb-memory-server-core/src/util/MongoBinaryDownload.ts:114:28)
      at Function.download (node_modules/mongodb-memory-server-core/src/util/MongoBinary.ts:47:49)
      at Function.getPath (node_modules/mongodb-memory-server-core/src/util/MongoBinary.ts:132:22)
      at MongoInstance.start (node_modules/mongodb-memory-server-core/src/util/MongoInstance.ts:366:22)
      at Function.create (node_modules/mongodb-memory-server-core/src/util/MongoInstance.ts:294:5)
      at MongoMemoryServer._startUpInstance (node_modules/mongodb-memory-server-core/src/MongoMemoryServer.ts:530:22)
      at MongoMemoryServer.start (node_modules/mongodb-memory-server-core/src/MongoMemoryServer.ts:350:5)
      at Function.create (node_modules/mongodb-memory-server-core/src/MongoMemoryServer.ts:317:5)
      at connectTestDb (__tests__/integration/setupIntegration.js:8:12)
      at Object.<anonymous> (__tests__/integration/auth.test.js:13:5)

  ● Auth API integration › POST /api/auth/login with wrong password returns 401

    thrown: "Exceeded timeout of 5000 ms for a hook.
    Add a timeout value to this test to increase the timeout, if this is a long-running test. See https://jestjs.io/docs/api#testname-fn-timeout."

      18 |   });
      19 |
    > 20 |   afterEach(async () => {
         |   ^
      21 |     await clearCollections();
      22 |   });
      23 |

      at afterEach (__tests__/integration/auth.test.js:20:3)
      at Object.describe (__tests__/integration/auth.test.js:11:1)

PASS __tests__/unit/productController.test.js
PASS __tests__/unit/authUtils.test.js
PASS __tests__/unit/cartController.test.js
-----------------------|---------|----------|---------|---------|-----------------------------------------
File                   | % Stmts | % Branch | % Funcs | % Lines | Uncovered Line #s                       
-----------------------|---------|----------|---------|---------|-----------------------------------------
All files              |    62.5 |    36.36 |    62.5 |   62.63 |                                         
 controllers           |   52.06 |    38.46 |   66.66 |    52.1 |                                         
  authController.js    |   10.71 |        0 |       0 |   10.71 | 9-69                                    
  cartController.js    |   55.88 |    39.39 |   66.66 |   56.06 | 11,17,30,38,42,47,50,53,63,72,79,84-109 
  productController.js |      88 |       75 |     100 |      88 | 20,40,52                                
 middleware            |   14.28 |        0 |       0 |   14.28 |                                         
  auth.js              |   14.28 |        0 |       0 |   14.28 | 4-24                                    
 models                |     100 |      100 |     100 |     100 |                                         
  Product.js           |     100 |      100 |     100 |     100 |                                         
  User.js              |     100 |      100 |     100 |     100 |                                         
 routes                |     100 |      100 |     100 |     100 |                                         
  auth.js              |     100 |      100 |     100 |     100 |                                         
  cart.js              |     100 |      100 |     100 |     100 |                                         
  products.js          |     100 |      100 |     100 |     100 |                                         
 src                   |    87.5 |      100 |       0 |    87.5 |                                         
  app.js               |    87.5 |      100 |       0 |    87.5 | 17,25                                   
 utils                 |     100 |       75 |     100 |     100 |                                         
  authUtils.js         |     100 |       75 |     100 |     100 | 7                                       
-----------------------|---------|----------|---------|---------|-----------------------------------------

Test Suites: 3 failed, 3 passed, 6 total
Tests:       10 failed, 14 passed, 24 total
Snapshots:   0 total
Time:        52.657 s, estimated 63 s
Ran all test suites.
Jest did not exit one second after the test run has completed.

'This usually means that there are asynchronous operations that weren't stopped in your tests. Consider running Jest with `--detectOpenHandles` to troubleshoot this issue.
